000000f1 A num_got_entries
bfc00000 T _start
bfc00400 t reset
bfc00408 T __reset_vector
bfc00410 t check_nmi
bfc00428 t verify_isa
bfc00440 t is_mips32
bfc0044c t init_vpe_resources
bfc0047c t init_sys_resources
bfc004a4 t init_core_resources
bfc004cc t all_done
bfc004cc t init_done
bfc004cc t notmtcapable
bfc004d4 t othercores
bfc00514 t waitcode_start
bfc00520 t swwait
bfc00538 t checklaunch
bfc00580 t finish_initialisation
bfc00580 t waitcode_end
bfc00598 t init_gpr
bfc005a4 t next_shadow_set
bfc00634 t set_gpr_boot_values
bfc00658 t check_mt_ase
bfc00678 t has_mt_ase
bfc00698 t no_mt_ase
bfc006a8 t check_cps
bfc006c4 t is_not_cps
bfc006d4 t is_cps
bfc006f8 t gcr_found
bfc0070c t done_init_gpr
bfc00714 t init_cp0
bfc007a8 t done_wr
bfc007c0 t set_kseg0_cca
bfc007d0 t check_for_tlb
bfc007d0 t init_tlb
bfc00800 t start_init_tlb
bfc00818 t next_tlb_entry_pair
bfc00838 t done_init_tlb
bfc00840 t init_cpc
bfc00868 t done_init_cpc
bfc00870 t init_gic
bfc008cc t configure_slices
bfc00a5c t init_vpe_gic
bfc00a68 t map_timer_int
bfc00a74 t map_perfcount_int
bfc00a80 t done_gic
bfc00a88 t init_mc
bfc00c44 t COPY_WAITCODE
bfc00c7c t release_mp
bfc00c8c t powerup_next_core
bfc00cb0 t release_next_core
bfc00cc8 t done_release_mp
bfc00cd0 t init_icache
bfc00d10 t next_icache_tag
bfc00d20 t done_icache
bfc00d2c t init_dcache
bfc00d70 t next_dcache_tag
bfc00d80 t done_dcache
bfc00d88 t init_cm
bfc00e54 t done_cm_init
bfc00e5c t init_itc
bfc00e60 t done_init_itc
bfc00e68 t join_domain
bfc00e90 t next_coherent_core
bfc00e98 t busy_wait_coherent_core
bfc00eac t done_join_domain
bfc00eb4 t init_l23u
bfc00ee4 t init_l23c
bfc00f00 t init_l23
bfc00f50 t done_l2cache
bfc00f9c t done_l3cache
bfc00fb0 t done_l23
bfc00fb8 t init_vpe1
bfc00fe8 t nexttc
bfc010b8 t nextvpe
bfc01144 t donevpe
bfc01168 t done_init_vpe1
bfc01170 T relocate_code
bfc011e4 t in_ram
bfc01268 t romReserved
bfc0126c t romExcHandle
bfc01270 T sbrk
bfc012c0 T board_init_f
bfc01560 T OperationSelect
bfc01620 T tftp_config
bfc01ac4 T trigger_hw_reset
bfc01acc T hang
bfc01afc T rw_rf_reg
bfc01be8 T do_rw_rf
bfc01d2c T config_usb_mtk_xhci
bfc01e90 T board_init_r
bfc02d20 T timer_init
bfc02d34 T get_timer
bfc02d40 T udelay
bfc02d8c T mdelay
bfc02dec t startAgainTimeout
bfc02e08 t startAgainHandler
bfc02e10 t NetCopyIP
bfc02e28 T NetSetHandler
bfc02e40 T NetSetTimeout
bfc02ea4 T NetStartAgain
bfc02f90 T NetSendPacket
bfc02fa8 T NetCksum
bfc02fe0 T NetCksumOk
bfc0301c T NetEthHdrSize
bfc03024 T NetSetEther
bfc0309c T NetReceive
bfc03648 T ArpRequest
bfc037b4 T ArpTimeoutCheck
bfc0387c T NetSetIP
bfc039dc T NetSendUDPPacket
bfc03bb0 T copy_filename
bfc03c04 T ip_to_string
bfc03c78 T string_to_ip
bfc03d34 T print_IPaddr
bfc03d74 T getenv_IPaddr
bfc03db0 T NetLoop
bfc04258 T TftpSend
bfc04464 t TftpHandler
bfc047cc t TftpTimeout
bfc0485c T TftpStart
bfc04afc T eth_parse_enetaddr
bfc04b94 T eth_register
bfc04be4 T eth_initialize
bfc04e48 T eth_init
bfc04eec T eth_halt
bfc04f40 T eth_send
bfc04f74 T eth_rx
bfc04fa4 T eth_try_another
bfc04fe0 t rt2880_eth_recv
bfc051b0 t rt2880_eth_send
bfc052f4 t delete_char.part.0.constprop.2
bfc05450 T START_ETH
bfc054ac T STOP_ETH
bfc05510 T rt2880_eth_halt
bfc05528 T rt2880_free_buf_entry_dequeue
bfc05558 T rt2880_eth_initialize
bfc05778 T IsSwitchVlanTableBusy
bfc05808 T LANWANPartition
bfc05a38 T isDMABusy
bfc05a90 t rt2880_eth_init
bfc05d94 T setup_internal_gsw
bfc06370 T readline
bfc06690 T input_value
bfc06720 T __mii_mgr_read
bfc0688c T __mii_mgr_write
bfc069f4 T mii_mgr_read
bfc06ac8 T mii_mgr_write
bfc06b7c T rt2880_mdio_access
bfc070d8 T dump_phy_reg
bfc072a4 t bbu_spic_busy_wait
bfc07338 t bbu_spic_trans
bfc0760c t raspi_read_sr
bfc07658 t raspi_wait_ready
bfc07718 t raspi_unprotect
bfc077b4 t raspi_write_enable
bfc077fc t raspi_write_disable
bfc07844 t raspi_4byte_mode
bfc07a50 t bbu_mb_spic_trans
bfc07d04 t raspi_read_devid.constprop.4
bfc07d90 T spic_init
bfc07d98 T chip_prob
bfc07ec4 T raspi_init
bfc07f0c T raspi_erase
bfc080c4 T do_flerase
bfc0829c T raspi_read
bfc08428 T raspi_write
bfc08698 T ralink_spi_command
bfc08ca0 T do_mem_cp
bfc08dbc T raspi_erase_write
bfc09190 T run_command
bfc0964c T main_loop
bfc09758 T do_go
bfc09820 t __fswab32
bfc09848 T print_image_hdr
bfc09ba8 T do_bootm
bfc0a0e8 t bin_data_init
bfc0a118 t bin_data_char
bfc0a15c T send_pad
bfc0a1b8 T ktrans
bfc0a1e8 T chk1
bfc0a210 T s1_sendpacket
bfc0a268 T send_ack
bfc0a2f4 T send_nack
bfc0a380 T k_data_init
bfc0a3a4 T k_data_save
bfc0a3f4 T k_data_restore
bfc0a444 T k_data_char
bfc0a4e0 T handle_send_packet
bfc0a71c T do_load_serial_bin
bfc0ad38 T do_tftpb
bfc0b148 T cmd_get_data_size
bfc0b1d4 t mod_mem.part.0
bfc0b3d4 T do_mem_nm
bfc0b438 T do_mem_mm
bfc0b49c T do_mem_md
bfc0b768 T do_mem_base
bfc0b7d4 T do_mem_loop
bfc0b954 t envmatch
bfc0ba14 T do_saveenv
bfc0ba64 T do_printenv
bfc0bce8 T _do_setenv
bfc0c384 T do_setenv
bfc0c3ec T setenv
bfc0c43c T getenv
bfc0c518 T do_version
bfc0c554 T find_cmd
bfc0c658 T do_help
bfc0c8d4 t console_setfile
bfc0c9a4 T serial_printf
bfc0c9fc T fgetc
bfc0ca34 T ftstc
bfc0ca6c T fputc
bfc0caa8 T fputs
bfc0cae0 T fprintf
bfc0cb40 T getc
bfc0cb70 T tstc
bfc0cba0 T putc
bfc0cbd4 T puts
bfc0cc08 T printf
bfc0cc60 T vprintf
bfc0ccac T ctrlc
bfc0cd34 T disable_ctrlc
bfc0cd50 T had_ctrlc
bfc0cd68 T clear_ctrlc
bfc0cd80 T dbg
bfc0cd90 T console_assign
bfc0ceac T console_init_f
bfc0cebc T console_init_r
bfc0d01c T device_register
bfc0d05c T devices_init
bfc0d158 T devices_done
bfc0d194 T malloc_bin_reloc
bfc0d1d8 T malloc_trim
bfc0d2f0 T free
bfc0d54c T cfree
bfc0d564 T malloc
bfc0dc0c T calloc
bfc0dd20 T memalign
bfc0deb0 T pvalloc
bfc0ded4 T valloc
bfc0def0 T realloc
bfc0e400 T malloc_usable_size
bfc0e454 T mallopt
bfc0e4dc T env_get_char_memory
bfc0e514 t env_get_char_init
bfc0e544 T env_crc_update
bfc0e590 T env_get_addr
bfc0e5c0 T env_relocate
bfc0e6ac t dummy
bfc0e6b4 T get_version
bfc0e6bc T jumptable_init
bfc0e760 T NewHandle
bfc0e800 T DisposeHandle
bfc0e85c T GetHandleSize
bfc0e864 T SetHandleSize
bfc0e924 T ListCreate
bfc0e990 T ListDispose
bfc0e9a8 T ListInsertItems
bfc0ebbc T ListInsertItem
bfc0ebd4 T ListGetPtrToItem
bfc0ec0c T ListNumItems
bfc0ec18 T env_get_char_spec
bfc0ec28 T env_init
bfc0ec48 T spi_env_init
bfc0ed10 T saveenv
bfc0ee28 T env_relocate_spec
bfc0ee4c T crc32
bfc0f05c T display_options
bfc0f098 T print_size
bfc0f17c T strchr
bfc0f1a8 T strlen
bfc0f1c0 T strrchr
bfc0f228 T strnlen
bfc0f254 T memset
bfc0f27c T memcpy
bfc0f2ac T memmove
bfc0f320 T memcmp
bfc0f354 t number
bfc0f5c8 T simple_strtoul
bfc0f690 T simple_strtol
bfc0f6dc T vsprintf
bfc0fbb8 T sprintf
bfc0fbf8 T panic
bfc0fc7c T RangeDecoderReadByte
bfc0fcac T RangeDecoderInit
bfc0fd3c T RangeDecoderDecodeDirectBits
bfc0fe04 T RangeDecoderBitDecode
bfc0fee4 T RangeDecoderBitTreeDecode
bfc0ff7c T RangeDecoderReverseBitTreeDecode
bfc10024 T LzmaLiteralDecode
bfc100a0 T LzmaLiteralDecodeMatch
bfc10184 T LzmaLenDecode
bfc10270 T LzmaDecode
bfc10734 T lzmaBuffToBuffDecompress
bfc10934 T get_ram_size
bfc10a5c T initdram
bfc10a7c T checkboard
bfc10ab4 T serial_setbrg
bfc10b00 T serial_init
bfc10b34 T serial_putc
bfc10b7c T serial_tstc
bfc10b8c T serial_getc
bfc10bb0 T serial_puts
bfc10c04 t dcache_line_size
bfc10c24 T do_reset
bfc10c38 T flush_cache
bfc10cf0 T flush_dcache_range
bfc10d50 T invalidate_dcache_range
bfc10db0 t __fswab32
bfc10dd8 t linux_env_set
bfc10efc T do_bootm_linux
bfc11608 R version_string
bfc11678 r __func__.1888
bfc1168c r __func__.1856
bfc1169c r __func__.1812
bfc116b0 r __func__.1928
bfc116c0 r __func__.1937
bfc116d4 r __func__.1915
bfc116e8 r __func__.1971
bfc116f4 r __func__.1839
bfc11708 r __func__.1907
bfc117d4 r CSWTCH.22
bfc117ec r baudrate_table
bfc11800 r p.1785
bfc14728 D NetBcastAddr
bfc14730 d erase_seq
bfc14734 d tab_seq
bfc14740 D stm_opcodes
bfc14778 D load_addr
bfc1477c D dp_last_length
bfc14780 d sbrk_base
bfc14784 d trim_threshold
bfc14788 d mmap_threshold
bfc1478c D default_environment
bfc147fc d crc_table_empty
bfc14800 D _ctype
bfc14900 d chips_data
bfc14c90 D stdio_names
bfc14c9c d av_
bfc150a4 D env_get_char
bfc150a8 D env_name_spec
bfc150b0 A _gp
bfc150b0 D _GLOBAL_OFFSET_TABLE_
bfc150b0 D __got_start
bfc15474 A __u_boot_cmd_start
bfc15474 D __got_end
bfc15474 D __u_boot_cmd_rf
bfc1548c D __u_boot_cmd_mdio
bfc154a4 D __u_boot_cmd_spi
bfc154bc D __u_boot_cmd_erase
bfc154d4 D __u_boot_cmd_cp
bfc154ec D __u_boot_cmd_reset
bfc15504 D __u_boot_cmd_go
bfc1551c D __u_boot_cmd_bootm
bfc15534 D __u_boot_cmd_loadb
bfc1554c D __u_boot_cmd_tftpboot
bfc15564 D __u_boot_cmd_nm
bfc1557c D __u_boot_cmd_mm
bfc15594 D __u_boot_cmd_md
bfc155ac D __u_boot_cmd_saveenv
bfc155c4 D __u_boot_cmd_setenv
bfc155dc D __u_boot_cmd_printenv
bfc155f4 D __u_boot_cmd_question_mark
bfc1560c D __u_boot_cmd_help
bfc15624 D __u_boot_cmd_version
bfc1563c A __u_boot_cmd_end
bfc1563c A uboot_end_data
bfc15640 B modifies
bfc15644 b mem_malloc_brk
bfc15648 b mem_malloc_start
bfc1564c b mem_malloc_end
bfc15650 b file_name_space
bfc156d0 B NetTxPacket
bfc156d4 B NetEtherNullAddr
bfc156dc B NetServerEther
bfc156e2 B NetBootFileSize
bfc156e4 B NetOurRootPath
bfc15724 B NetOurHostName
bfc15744 B NetOurNISDomain
bfc15764 B NetOurDNSIP
bfc15768 B NetOurGatewayIP
bfc1576c B NetOurSubnetMask
bfc15770 b timeHandler
bfc15774 b timeStart
bfc15778 b timeDelta
bfc1577c b packetHandler
bfc15780 b TftpState
bfc15784 b tftp_filename
bfc15788 b TftpBlock
bfc1578c b TftpServerPort
bfc15790 b TftpOurPort
bfc15794 b default_filename
bfc157a4 b TftpTimeoutCount
bfc157a8 b TftpBlockWrap
bfc157ac b TftpBlockWrapOffset
bfc157b0 b TftpLastBlock
bfc157b4 b eth_devices
bfc157b8 b eth_current
bfc157bc b first_failed.2062
bfc157c0 b PKT_HEADER_Buf_Pool
bfc2c000 b rt2880_eth_initd
bfc2c020 b rx_ring_cache
bfc2c1a0 b rx_ring
bfc2c1c0 b tx_ring0_cache
bfc2c340 b tx_ring0
bfc2c344 b rt2880_free_buf
bfc2c614 b rx_dma_owner_idx0
bfc2c618 b tx_cpu_owner_idx0
bfc2c61c b rxRingSize
bfc2c61d b txRingSize
bfc2c620 b rx_wants_alloc_idx0
bfc2c640 B spi_chip_info
bfc2c644 b lastcommand.1820
bfc2c744 b bin_start_address
bfc2c748 b os_data_state
bfc2c74c b os_data_addr
bfc2c750 b a_b
bfc2c768 b k_data_escape
bfc2c76c b k_data_escape_saved
bfc2c770 b os_data_state_saved
bfc2c774 b os_data_count_saved
bfc2c778 b os_data_addr_saved
bfc2c77c b base_address
bfc2c780 b ctrlc_disabled
bfc2c784 b ctrlc_was_pressed
bfc2c788 B stdio_devices
bfc2c794 B devlist
bfc2c798 b top_pad
bfc2c79c b current_mallinfo
bfc2c7c4 b max_sbrked_mem
bfc2c7c8 b max_total_mem
bfc2c7cc b n_mmaps_max
bfc2c7d0 b crc_table
bfc2cbd0 b linux_argv
bfc2cbd4 b linux_argc
bfc2cbd8 b linux_env
bfc2cbdc b linux_env_idx
bfc2cbe0 b linux_env_p
bfc2cbe4 B gd_data
bfc2cc08 B Pkt_Buf_Pool
bfc44048 B NetRxPackets
bfc44138 B BootFile
bfc441b8 B NetArpWaitPacketBuf
bfc447f8 B console_buffer
bfc448f8 B console_history
bfc452f8 B header
bfc45338 B os_data_header
bfc45358 B send_parms
bfc4536c A uboot_end
bfc4536c C monitor_flash_len
bfc45370 C mips_bus_feq
bfc45374 C mips_cpu_feq
bfc45378 C NetArpWaitTry
bfc4537c C NetArpWaitPacketMAC
bfc45380 C NetOurEther
bfc45388 C NetOurIP
bfc4538c C NetServerIP
bfc45390 C NetArpWaitTxPacketSize
bfc45394 C NetArpWaitReplyIP
bfc45398 C NetArpWaitTxPacket
bfc4539c C NetArpWaitPacketIP
bfc453a0 C NetState
bfc453a4 C NetIPID
bfc453a8 C NetRxPkt
bfc453ac C NetRxPktLen
bfc453b0 C NetBootFileXferSize
bfc453b4 C PktBuf
bfc453b8 C NetArpWaitTimerStart
bfc453bc C TftpStarted
bfc453c0 C rt2880_free_buf_list
bfc453c8 C PKT_HEADER_Buf
bfc453cc C rt2880_pdev
bfc453d0 C rt2880_busing_buf_list
bfc453d8 C his_pad_char
bfc453dc C os_data_count
bfc453e0 C os_data_init
bfc453e4 C send_ptr
bfc453e8 C os_data_char
bfc453ec C his_eol
bfc453ed C his_quote
bfc453f0 C his_pad_count
bfc453f4 C dp_last_size
bfc453f8 C dp_last_addr
bfc453fc C mm_last_size
bfc45400 C mm_last_addr
bfc45404 C env_ptr
bfc45408 C ___strtok
